// Jest Snapshot v1, https://goo.gl/fbAQLP

exports[`App renders correctly 1`] = `
<DocumentFragment>
  <div
    class="app"
  >
    <img
      alt="nasa"
      class="nasa-logo"
      src="nasa-logo.png"
    />
    <div
      class="search"
    >
      <form
        class="search-form"
      >
        <input
          class="search-input"
          type="text"
        />
        <button
          class="search-btn"
          type="submit"
        >
          Go!
        </button>
      </form>
    </div>
    <p>
      No results
    </p>
  </div>
</DocumentFragment>
`;
