// Jest Snapshot v1, https://goo.gl/fbAQLP

exports[`Search results render correctly 1`] = `
<DocumentFragment>
  <p>
    No results
  </p>
</DocumentFragment>
`;
